11-09 11:13:45.413 26359 10804 I ExperimentPackageManage: Package com.android.media name not found! Using module version.
11-09 11:13:45.414 26359 10804 I ExperimentPackageManage: Package com.android.media.swcodec name not found! Using module version.
11-09 11:13:45.415 26359 10804 I ExperimentPackageManage: Package com.google.android.permissioncontroller name not found! Using module version.
11-09 11:13:45.416 26359 10804 I ExperimentPackageManage: Package com.google.android.os.statsd name not found! Using module version.
11-09 11:13:45.418 26359 10804 I ExperimentPackageManage: Package com.android.appsearch name not found! Using module version.
11-09 11:13:45.419 26359 10804 I ExperimentPackageManage: Package com.android.neuralnetworks name not found! Using module version.
11-09 11:13:45.420 26359 10804 I ExperimentPackageManage: Package com.google.android.odad name not found! Using module version.
11-09 11:13:45.421 26359 10804 I ExperimentPackageManage: Package com.android.media name not found! Using module version.
11-09 11:13:45.421 26359 10804 I ExperimentPackageManage: Package com.google.android.tethering name not found! Using module version.
11-09 11:13:45.423 26359 10804 I ExperimentPackageManage: Package com.google.android.captiveportallogin name not found! Using module version.
11-09 11:13:45.427 26359 10804 I ExperimentPackageManage: Package com.google.android.adservices name not found! Using module version.
11-09 11:13:45.429 26359 10804 I ExperimentPackageManage: Package com.google.android.as.oss name not found! Using module version.
11-09 11:13:45.432 26359 10804 I ExperimentPackageManage: Package 1 name not found! Using module version.
11-09 11:13:45.432 26359 10804 I ExperimentPackageManage: Package com.google.android.ipsec name not found! Using module version.
11-09 11:13:45.433 26359 10804 I ExperimentPackageManage: Package com.google.android.sdksandbox name not found! Using module version.
11-09 11:13:45.434 26359 10804 I ExperimentPackageManage: Package com.google.android.os.statsd name not found! Using module version.
11-09 11:13:45.434 26359 10804 I ExperimentPackageManage: Package com.google.android.os.statsd name not found! Using module version.
11-09 11:13:45.435 26359 10804 W ConfiguratorPhenotypeUt: Package com.google.android.os.statsd name not found! Using module version. [CONTEXT service_id=204 ]
11-09 11:13:45.436 26359 10804 W ConfiguratorPhenotypeUt: Package com.google.android.os.statsd name not found! Using module version. [CONTEXT service_id=204 ]
11-09 11:13:45.439 26359 10804 W ConfiguratorPhenotypeUt: Package com.google.android.sdksandbox name not found! Using module version. [CONTEXT service_id=204 ]
11-09 11:13:45.446 26359 10804 W ConfiguratorPhenotypeUt: Package com.google.android.resolv name not found! Using module version. [CONTEXT service_id=204 ]
11-09 11:13:45.451 26359 10804 W ConfiguratorPhenotypeUt: Package com.google.android.os.statsd name not found! Using module version. [CONTEXT service_id=204 ]
11-09 11:13:45.456 26359 10804 W ConfiguratorPhenotypeUt: Package com.google.android.odad name not found! Using module version. [CONTEXT service_id=204 ]
11-09 11:13:45.462 26359 10804 W ConfiguratorPhenotypeUt: Package com.google.android.as name not found! Using module version. [CONTEXT service_id=204 ]
11-09 11:13:45.466 26359 10804 W ConfiguratorPhenotypeUt: Package com.google.android.networkstack name not found! Using module version. [CONTEXT service_id=204 ]
11-09 11:13:45.472 26359 10804 W ConfiguratorPhenotypeUt: Package com.android.media.swcodec name not found! Using module version. [CONTEXT service_id=204 ]
11-09 11:13:45.478 26359 10804 W ConfiguratorPhenotypeUt: Package com.google.android.wifi name not found! Using module version. [CONTEXT service_id=204 ]
11-09 11:13:45.483 26359 10804 W ConfiguratorPhenotypeUt: Package com.google.android.art name not found! Using module version. [CONTEXT service_id=204 ]
11-09 11:13:45.484 26359 10804 W ConfiguratorPhenotypeUt: Package com.android.appsearch name not found! Using module version. [CONTEXT service_id=204 ]
11-09 11:13:45.485 26359 10804 W ConfiguratorPhenotypeUt: Package com.google.android.ipsec name not found! Using module version. [CONTEXT service_id=204 ]
11-09 11:13:45.486 26359 10804 W ConfiguratorPhenotypeUt: Package com.google.android.art name not found! Using module version. [CONTEXT service_id=204 ]
11-09 11:13:45.489 26359 10804 W ConfiguratorPhenotypeUt: Package com.google.android.apps.nexuslauncher name not found! Using module version. [CONTEXT service_id=204 ]
11-09 11:13:45.492 26359 10804 W ConfiguratorPhenotypeUt: Package com.google.android.adservices name not found! Using module version. [CONTEXT service_id=204 ]
11-09 11:13:45.495 26359 10804 W ConfiguratorPhenotypeUt: Package com.google.android.permissioncontroller name not found! Using module version. [CONTEXT service_id=204 ]
11-09 11:13:45.497 26359 10804 W ConfiguratorPhenotypeUt: Package com.google.android.as name not found! Using module version. [CONTEXT service_id=204 ]
11-09 11:13:45.499 26359 10804 W ConfiguratorPhenotypeUt: Package com.android.media name not found! Using module version. [CONTEXT service_id=204 ]
11-09 11:13:45.502 26359 10804 W ConfiguratorPhenotypeUt: Package com.google.android.extservices name not found! Using module version. [CONTEXT service_id=204 ]
11-09 11:13:45.504 26359 10804 W ConfiguratorPhenotypeUt: Package com.google.android.as.oss name not found! Using module version. [CONTEXT service_id=204 ]
11-09 11:13:45.507 26359 10804 W ConfiguratorPhenotypeUt: Package com.google.oslo name not found! Using module version. [CONTEXT service_id=204 ]
11-09 11:13:45.510 26359 10804 W ConfiguratorPhenotypeUt: Package com.google.android.permissioncontroller name not found! Using module version. [CONTEXT service_id=204 ]
11-09 11:13:45.514 26359 10804 W ConfiguratorPhenotypeUt: Package com.google.android.extservices name not found! Using module version. [CONTEXT service_id=204 ]
11-09 11:13:45.516 26359 10804 W ConfiguratorPhenotypeUt: Package com.google.android.os.statsd name not found! Using module version. [CONTEXT service_id=204 ]
11-09 11:13:45.521 26359 10804 W ConfiguratorPhenotypeUt: Package com.google.android.captiveportallogin name not found! Using module version. [CONTEXT service_id=204 ]
11-09 11:13:45.523 26359 10804 W ConfiguratorPhenotypeUt: Package com.android.refreshratecontrol name not found! Using module version. [CONTEXT service_id=204 ]
11-09 11:13:45.524 26359 10804 W ConfiguratorPhenotypeUt: Package com.android.media name not found! Using module version. [CONTEXT service_id=204 ]
11-09 11:13:45.529 26359 10804 W ConfiguratorPhenotypeUt: Package com.android.neuralnetworks name not found! Using module version. [CONTEXT service_id=204 ]
11-09 11:13:45.532 26359 10804 W ConfiguratorPhenotypeUt: Package com.google.android.tethering name not found! Using module version. [CONTEXT service_id=204 ]
11-09 11:13:45.536 26359 10804 W ConfiguratorPhenotypeUt: Package 1 name not found! Using module version. [CONTEXT service_id=204 ]
11-09 11:13:45.838 26359 26359 D BoundBrokerSvc: onUnbind: Intent { act=com.google.android.gms.icing.LIGHTWEIGHT_INDEX_SERVICE dat=chimera-action: cmp=com.google.android.gms/.chimera.PersistentApiService }
11-09 11:13:46.374 26359 26359 D BoundBrokerSvc: onUnbind: Intent { act=com.google.android.gms.scheduler.ACTION_PROXY_SCHEDULE dat=chimera-action: cmp=com.google.android.gms/.chimera.PersistentApiService }
11-09 11:13:50.133 26359  3957 E WakeLock: GCM_HB_ALARM release without a matched acquire!
11-09 11:13:50.142 26359  3957 E WakeLock: GCM_CONN_ALARM release without a matched acquire!
11-09 11:13:55.697 26359 10804 E PhenotypeFlagCommitter: Retrieving snapshot for com.google.android.gms.semanticlocation failed
11-09 11:13:55.697 26359 10804 E PhenotypeFlagCommitter: java.util.concurrent.TimeoutException: Timed out waiting for Task
11-09 11:13:55.697 26359 10804 E PhenotypeFlagCommitter: 	at bomi.m(:com.google.android.gms@224312039@22.43.12 (150408-483592595):6)
11-09 11:13:55.697 26359 10804 E PhenotypeFlagCommitter: 	at bfwj.c(:com.google.android.gms@224312039@22.43.12 (150408-483592595):2)
11-09 11:13:55.697 26359 10804 E PhenotypeFlagCommitter: 	at bfwj.i(:com.google.android.gms@224312039@22.43.12 (150408-483592595):2)
11-09 11:13:55.697 26359 10804 E PhenotypeFlagCommitter: 	at bfwj.i(:com.google.android.gms@224312039@22.43.12 (150408-483592595):7)
11-09 11:13:55.697 26359 10804 E PhenotypeFlagCommitter: 	at bfwj.f(:com.google.android.gms@224312039@22.43.12 (150408-483592595):0)
11-09 11:13:55.697 26359 10804 E PhenotypeFlagCommitter: 	at yso.d(:com.google.android.gms@224312039@22.43.12 (150408-483592595):5)
11-09 11:13:55.697 26359 10804 E PhenotypeFlagCommitter: 	at com.google.android.gms.common.config.PhenotypeUpdateOperation.onHandleIntent(:com.google.android.gms@224312039@22.43.12 (150408-483592595):10)
11-09 11:13:55.697 26359 10804 E PhenotypeFlagCommitter: 	at com.google.android.chimera.IntentOperation.onHandleIntent(:com.google.android.gms@224312039@22.43.12 (150408-483592595):2)
11-09 11:13:55.697 26359 10804 E PhenotypeFlagCommitter: 	at xax.onHandleIntent(:com.google.android.gms@224312039@22.43.12 (150408-483592595):4)
11-09 11:13:55.697 26359 10804 E PhenotypeFlagCommitter: 	at gml.run(:com.google.android.gms@224312039@22.43.12 (150408-483592595):3)
11-09 11:13:55.697 26359 10804 E PhenotypeFlagCommitter: 	at gmk.run(:com.google.android.gms@224312039@22.43.12 (150408-483592595):11)
11-09 11:13:55.697 26359 10804 E PhenotypeFlagCommitter: 	at ckdj.run(:com.google.android.gms@224312039@22.43.12 (150408-483592595):2)
11-09 11:13:55.697 26359 10804 E PhenotypeFlagCommitter: 	at java.util.concurrent.ThreadPoolExecutor.runWorker(ThreadPoolExecutor.java:1167)
11-09 11:13:55.697 26359 10804 E PhenotypeFlagCommitter: 	at java.util.concurrent.ThreadPoolExecutor$Worker.run(ThreadPoolExecutor.java:641)
11-09 11:13:55.697 26359 10804 E PhenotypeFlagCommitter: 	at java.lang.Thread.run(Thread.java:923)
11-09 11:14:06.905 26359 11082 E WakeLock: GCM_CONN_ALARM release without a matched acquire!
11-09 11:14:10.229 26359 10804 E PhenotypeFlagCommitter: Retrieving snapshot for com.google.android.gms.accountsettings failed
11-09 11:14:10.229 26359 10804 E PhenotypeFlagCommitter: java.util.concurrent.TimeoutException: Timed out waiting for Task
11-09 11:14:10.229 26359 10804 E PhenotypeFlagCommitter: 	at bomi.m(:com.google.android.gms@224312039@22.43.12 (150408-483592595):6)
11-09 11:14:10.229 26359 10804 E PhenotypeFlagCommitter: 	at bfwj.c(:com.google.android.gms@224312039@22.43.12 (150408-483592595):2)
11-09 11:14:10.229 26359 10804 E PhenotypeFlagCommitter: 	at bfwj.i(:com.google.android.gms@224312039@22.43.12 (150408-483592595):2)
11-09 11:14:10.229 26359 10804 E PhenotypeFlagCommitter: 	at bfwj.f(:com.google.android.gms@224312039@22.43.12 (150408-483592595):0)
11-09 11:14:10.229 26359 10804 E PhenotypeFlagCommitter: 	at yso.d(:com.google.android.gms@224312039@22.43.12 (150408-483592595):5)
11-09 11:14:10.229 26359 10804 E PhenotypeFlagCommitter: 	at com.google.android.gms.common.config.PhenotypeUpdateOperation.onHandleIntent(:com.google.android.gms@224312039@22.43.12 (150408-483592595):10)
11-09 11:14:10.229 26359 10804 E PhenotypeFlagCommitter: 	at com.google.android.chimera.IntentOperation.onHandleIntent(:com.google.android.gms@224312039@22.43.12 (150408-483592595):2)
11-09 11:14:10.229 26359 10804 E PhenotypeFlagCommitter: 	at xax.onHandleIntent(:com.google.android.gms@224312039@22.43.12 (150408-483592595):4)
11-09 11:14:10.229 26359 10804 E PhenotypeFlagCommitter: 	at gml.run(:com.google.android.gms@224312039@22.43.12 (150408-483592595):3)
11-09 11:14:10.229 26359 10804 E PhenotypeFlagCommitter: 	at gmk.run(:com.google.android.gms@224312039@22.43.12 (150408-483592595):11)
11-09 11:14:10.229 26359 10804 E PhenotypeFlagCommitter: 	at ckdj.run(:com.google.android.gms@224312039@22.43.12 (150408-483592595):2)
11-09 11:14:10.229 26359 10804 E PhenotypeFlagCommitter: 	at java.util.concurrent.ThreadPoolExecutor.runWorker(ThreadPoolExecutor.java:1167)
11-09 11:14:10.229 26359 10804 E PhenotypeFlagCommitter: 	at java.util.concurrent.ThreadPoolExecutor$Worker.run(ThreadPoolExecutor.java:641)
11-09 11:14:10.229 26359 10804 E PhenotypeFlagCommitter: 	at java.lang.Thread.run(Thread.java:923)
11-09 11:14:25.848 26359 11538 E ActivityThread: Failed to find provider info for instantapp-dev-manager
11-09 11:14:28.090 26359 11538 E WakeLock: GCM_HB_ALARM release without a matched acquire!
11-09 11:14:28.132 26359 11538 E WakeLock: GCM_HB_ALARM release without a matched acquire!
11-09 11:14:28.137 26359 11538 E WakeLock: GCM_CONN_ALARM release without a matched acquire!
11-09 11:14:59.317 26359  3957 E WakeLock: GCM_CONN_ALARM release without a matched acquire!
11-09 11:15:19.051 26359 11758 E WakeLock: GCM_HB_ALARM release without a matched acquire!
11-09 11:15:20.485 26359 11529 E WakeLock: GCM_CONN_ALARM release without a matched acquire!
11-09 11:15:36.545 26359 11758 E WakeLock: GCM_HB_ALARM release without a matched acquire!
11-09 11:15:36.554 26359 11758 E WakeLock: GCM_CONN_ALARM release without a matched acquire!
11-09 11:15:55.288 26359 11758 E WakeLock: GCM_CONN_ALARM release without a matched acquire!
11-09 11:16:10.446 26359 11758 E WakeLock: GCM_HB_ALARM release without a matched acquire!
11-09 11:16:10.502 26359 11758 E WakeLock: GCM_HB_ALARM release without a matched acquire!
11-09 11:16:10.508 26359 11758 E WakeLock: GCM_CONN_ALARM release without a matched acquire!
11-09 11:16:40.111 26359 11529 E WakeLock: GCM_CONN_ALARM release without a matched acquire!
11-09 11:16:55.230 26359 11758 E WakeLock: GCM_HB_ALARM release without a matched acquire!
11-09 11:16:57.753 26359 11758 E WakeLock: GCM_CONN_ALARM release without a matched acquire!
11-09 11:17:13.716 26359 11758 E WakeLock: GCM_HB_ALARM release without a matched acquire!
11-09 11:17:13.724 26359 11758 E WakeLock: GCM_CONN_ALARM release without a matched acquire!
11-09 11:17:29.914 26359 11758 E WakeLock: GCM_CONN_ALARM release without a matched acquire!
11-09 11:17:45.047 26359 11529 E WakeLock: GCM_HB_ALARM release without a matched acquire!
11-09 11:17:45.078 26359 11529 E WakeLock: GCM_HB_ALARM release without a matched acquire!
11-09 11:17:45.081 26359 11529 E WakeLock: GCM_CONN_ALARM release without a matched acquire!
11-09 11:18:14.316 26359 11758 E WakeLock: GCM_CONN_ALARM release without a matched acquire!
11-09 11:18:29.539 26359 11082 E WakeLock: GCM_HB_ALARM release without a matched acquire!
11-09 11:18:31.103 26359 11082 E WakeLock: GCM_CONN_ALARM release without a matched acquire!
11-09 11:18:47.119 26359 11529 E WakeLock: GCM_HB_ALARM release without a matched acquire!
11-09 11:18:47.128 26359 11529 E WakeLock: GCM_CONN_ALARM release without a matched acquire!
11-09 11:19:03.057 26359 11529 E WakeLock: GCM_CONN_ALARM release without a matched acquire!
11-09 11:19:18.394 26359 11529 E WakeLock: GCM_HB_ALARM release without a matched acquire!
11-09 11:19:18.451 26359 11529 E WakeLock: GCM_HB_ALARM release without a matched acquire!
11-09 11:19:18.457 26359 11529 E WakeLock: GCM_CONN_ALARM release without a matched acquire!
11-09 11:19:48.462 26359 11529 E WakeLock: GCM_CONN_ALARM release without a matched acquire!
11-09 11:20:03.646 26359 11082 E WakeLock: GCM_HB_ALARM release without a matched acquire!
11-09 11:20:08.658 26359 26444 E WakeLock: GCM_CONN_ALARM ** IS FORCE-RELEASED ON TIMEOUT **
11-09 11:20:09.146 26359 11082 E WakeLock: GCM_CONN_ALARM release without a matched acquire!
11-09 11:20:24.282 26359 11082 E WakeLock: GCM_HB_ALARM release without a matched acquire!
11-09 11:20:24.291 26359 11082 E WakeLock: GCM_CONN_ALARM release without a matched acquire!
11-09 11:20:41.299 26359 11082 E WakeLock: GCM_CONN_ALARM release without a matched acquire!
11-09 11:20:56.477 26359 11529 E WakeLock: GCM_HB_ALARM release without a matched acquire!
11-09 11:20:56.529 26359 11529 E WakeLock: GCM_HB_ALARM release without a matched acquire!
11-09 11:20:56.535 26359 11529 E WakeLock: GCM_CONN_ALARM release without a matched acquire!
11-09 11:21:27.432 26359 11758 E WakeLock: GCM_CONN_ALARM release without a matched acquire!
11-09 11:21:42.568 26359 11529 E WakeLock: GCM_HB_ALARM release without a matched acquire!
11-09 11:21:44.228 26359 11529 E WakeLock: GCM_CONN_ALARM release without a matched acquire!
11-09 11:21:59.511 26359 11082 E WakeLock: GCM_HB_ALARM release without a matched acquire!
11-09 11:21:59.523 26359 11082 E WakeLock: GCM_CONN_ALARM release without a matched acquire!
11-09 11:22:15.604 26359 11082 E WakeLock: GCM_CONN_ALARM release without a matched acquire!
11-09 11:22:30.680 26359 11082 E WakeLock: GCM_HB_ALARM release without a matched acquire!
11-09 11:22:30.730 26359 11082 E WakeLock: GCM_HB_ALARM release without a matched acquire!
11-09 11:22:30.735 26359 11082 E WakeLock: GCM_CONN_ALARM release without a matched acquire!
11-09 11:23:01.244 26359 11082 E WakeLock: GCM_CONN_ALARM release without a matched acquire!
11-09 11:23:16.415 26359 11529 E WakeLock: GCM_HB_ALARM release without a matched acquire!
11-09 11:23:17.657 26359 11529 E WakeLock: GCM_CONN_ALARM release without a matched acquire!
11-09 11:23:32.819 26359 11529 E WakeLock: GCM_HB_ALARM release without a matched acquire!
11-09 11:23:32.827 26359 11529 E WakeLock: GCM_CONN_ALARM release without a matched acquire!
11-09 11:23:49.204 26359 11529 E WakeLock: GCM_CONN_ALARM release without a matched acquire!
11-09 11:24:04.386 26359 11082 E WakeLock: GCM_HB_ALARM release without a matched acquire!
11-09 11:24:04.438 26359 11082 E WakeLock: GCM_HB_ALARM release without a matched acquire!
11-09 11:24:04.443 26359 11082 E WakeLock: GCM_CONN_ALARM release without a matched acquire!
11-09 11:24:35.497 26359 11758 E WakeLock: GCM_CONN_ALARM release without a matched acquire!
11-09 11:24:50.615 26359 11082 E WakeLock: GCM_HB_ALARM release without a matched acquire!
11-09 11:24:51.834 26359 11082 E WakeLock: GCM_CONN_ALARM release without a matched acquire!
11-09 11:25:07.220 26359 11529 E WakeLock: GCM_HB_ALARM release without a matched acquire!
11-09 11:25:07.232 26359 11529 E WakeLock: GCM_CONN_ALARM release without a matched acquire!
11-09 11:25:23.408 26359 11529 E WakeLock: GCM_CONN_ALARM release without a matched acquire!
11-09 11:25:38.609 26359 11529 E WakeLock: GCM_HB_ALARM release without a matched acquire!
11-09 11:25:38.662 26359 11529 E WakeLock: GCM_HB_ALARM release without a matched acquire!
11-09 11:25:38.668 26359 11529 E WakeLock: GCM_CONN_ALARM release without a matched acquire!
11-09 11:26:08.873 26359 11529 E WakeLock: GCM_CONN_ALARM release without a matched acquire!
11-09 11:26:24.067 26359 11082 E WakeLock: GCM_HB_ALARM release without a matched acquire!
11-09 11:26:25.344 26359 11082 E WakeLock: GCM_CONN_ALARM release without a matched acquire!
11-09 11:26:40.506 26359 11082 E WakeLock: GCM_HB_ALARM release without a matched acquire!
11-09 11:26:40.513 26359 11082 E WakeLock: GCM_CONN_ALARM release without a matched acquire!
11-09 11:26:56.710 26359 11082 E WakeLock: GCM_CONN_ALARM release without a matched acquire!
11-09 11:27:11.871 26359 11529 E WakeLock: GCM_HB_ALARM release without a matched acquire!
11-09 11:27:11.914 26359 11529 E WakeLock: GCM_HB_ALARM release without a matched acquire!
11-09 11:27:11.919 26359 11529 E WakeLock: GCM_CONN_ALARM release without a matched acquire!
11-09 11:27:42.982 26359 11758 E WakeLock: GCM_CONN_ALARM release without a matched acquire!
11-09 11:27:58.102 26359 11529 E WakeLock: GCM_HB_ALARM release without a matched acquire!
11-09 11:27:59.191 26359 11529 E WakeLock: GCM_CONN_ALARM release without a matched acquire!
11-09 11:28:14.516 26359 11082 E WakeLock: GCM_HB_ALARM release without a matched acquire!
11-09 11:28:14.526 26359 11082 E WakeLock: GCM_CONN_ALARM release without a matched acquire!
11-09 11:28:31.917 26359 11082 E WakeLock: GCM_CONN_ALARM release without a matched acquire!
11-09 11:28:47.090 26359 11082 E WakeLock: GCM_HB_ALARM release without a matched acquire!
11-09 11:28:47.141 26359 11082 E WakeLock: GCM_HB_ALARM release without a matched acquire!
11-09 11:28:47.147 26359 11082 E WakeLock: GCM_CONN_ALARM release without a matched acquire!
11-09 11:29:17.806 26359 11082 E WakeLock: GCM_CONN_ALARM release without a matched acquire!
11-09 11:29:32.855 26359 11529 E WakeLock: GCM_HB_ALARM release without a matched acquire!
11-09 11:29:34.161 26359 11529 E WakeLock: GCM_CONN_ALARM release without a matched acquire!
11-09 11:29:49.336 26359 11529 E WakeLock: GCM_HB_ALARM release without a matched acquire!
11-09 11:29:49.345 26359 11529 E WakeLock: GCM_CONN_ALARM release without a matched acquire!
11-09 11:30:05.527 26359 11529 E WakeLock: GCM_CONN_ALARM release without a matched acquire!
11-09 11:30:20.702 26359 11082 E WakeLock: GCM_HB_ALARM release without a matched acquire!
11-09 11:30:20.746 26359 11082 E WakeLock: GCM_HB_ALARM release without a matched acquire!
11-09 11:30:20.756 26359 11082 E WakeLock: GCM_CONN_ALARM release without a matched acquire!
11-09 11:30:51.915 26359 11758 E WakeLock: GCM_CONN_ALARM release without a matched acquire!
11-09 11:31:07.869 26359 11082 E WakeLock: GCM_HB_ALARM release without a matched acquire!
11-09 11:31:09.214 26359 11082 E WakeLock: GCM_CONN_ALARM release without a matched acquire!
11-09 11:31:24.387 26359 11529 E WakeLock: GCM_HB_ALARM release without a matched acquire!
11-09 11:31:24.395 26359 11529 E WakeLock: GCM_CONN_ALARM release without a matched acquire!
11-09 11:31:40.268 26359 11529 E WakeLock: GCM_CONN_ALARM release without a matched acquire!
11-09 11:31:55.439 26359 11529 E WakeLock: GCM_HB_ALARM release without a matched acquire!
11-09 11:31:55.467 26359 11529 E WakeLock: GCM_HB_ALARM release without a matched acquire!
11-09 11:31:55.471 26359 11529 E WakeLock: GCM_CONN_ALARM release without a matched acquire!
11-09 11:32:26.434 26359 11529 E WakeLock: GCM_CONN_ALARM release without a matched acquire!
11-09 11:32:41.996 26359 11082 E WakeLock: GCM_HB_ALARM release without a matched acquire!
11-09 11:32:43.288 26359 11082 E WakeLock: GCM_CONN_ALARM release without a matched acquire!
11-09 11:32:58.452 26359 11082 E WakeLock: GCM_HB_ALARM release without a matched acquire!
11-09 11:32:58.461 26359 11082 E WakeLock: GCM_CONN_ALARM release without a matched acquire!
11-09 11:33:14.419 26359 11082 E WakeLock: GCM_CONN_ALARM release without a matched acquire!
11-09 11:33:29.810 26359 11529 E WakeLock: GCM_HB_ALARM release without a matched acquire!
11-09 11:33:29.854 26359 11529 E WakeLock: GCM_HB_ALARM release without a matched acquire!
11-09 11:33:29.860 26359 11529 E WakeLock: GCM_CONN_ALARM release without a matched acquire!
11-09 11:34:00.740 26359 11758 E WakeLock: GCM_CONN_ALARM release without a matched acquire!
11-09 11:34:15.815 26359 11529 E WakeLock: GCM_HB_ALARM release without a matched acquire!
11-09 11:34:17.127 26359 11529 E WakeLock: GCM_CONN_ALARM release without a matched acquire!
11-09 11:34:32.279 26359 11082 E WakeLock: GCM_HB_ALARM release without a matched acquire!
11-09 11:34:32.286 26359 11082 E WakeLock: GCM_CONN_ALARM release without a matched acquire!
11-09 11:34:48.343 26359 11082 E WakeLock: GCM_CONN_ALARM release without a matched acquire!
11-09 11:35:03.539 26359 11082 E WakeLock: GCM_HB_ALARM release without a matched acquire!
11-09 11:35:03.586 26359 11082 E WakeLock: GCM_HB_ALARM release without a matched acquire!
11-09 11:35:03.591 26359 11082 E WakeLock: GCM_CONN_ALARM release without a matched acquire!
11-09 11:35:34.374 26359 11082 E WakeLock: GCM_CONN_ALARM release without a matched acquire!
11-09 11:35:49.562 26359 11529 E WakeLock: GCM_HB_ALARM release without a matched acquire!
11-09 11:35:50.819 26359 11529 E WakeLock: GCM_CONN_ALARM release without a matched acquire!
11-09 11:36:05.974 26359 11529 E WakeLock: GCM_HB_ALARM release without a matched acquire!
11-09 11:36:05.982 26359 11529 E WakeLock: GCM_CONN_ALARM release without a matched acquire!
11-09 11:36:22.015 26359 11529 E WakeLock: GCM_CONN_ALARM release without a matched acquire!
11-09 11:36:37.183 26359 11082 E WakeLock: GCM_HB_ALARM release without a matched acquire!
11-09 11:36:37.230 26359 11082 E WakeLock: GCM_HB_ALARM release without a matched acquire!
11-09 11:36:37.235 26359 11082 E WakeLock: GCM_CONN_ALARM release without a matched acquire!
11-09 11:37:08.012 26359 11758 E WakeLock: GCM_CONN_ALARM release without a matched acquire!
11-09 11:37:23.201 26359 11082 E WakeLock: GCM_HB_ALARM release without a matched acquire!
11-09 11:37:25.147 26359 11082 E WakeLock: GCM_CONN_ALARM release without a matched acquire!
11-09 11:37:40.343 26359 11529 E WakeLock: GCM_HB_ALARM release without a matched acquire!
11-09 11:37:40.351 26359 11529 E WakeLock: GCM_CONN_ALARM release without a matched acquire!
11-09 11:37:56.351 26359 11529 E WakeLock: GCM_CONN_ALARM release without a matched acquire!
11-09 11:38:11.596 26359 11529 E WakeLock: GCM_HB_ALARM release without a matched acquire!
11-09 11:38:11.644 26359 11529 E WakeLock: GCM_HB_ALARM release without a matched acquire!
11-09 11:38:11.650 26359 11529 E WakeLock: GCM_CONN_ALARM release without a matched acquire!
11-09 11:38:42.262 26359 11529 E WakeLock: GCM_CONN_ALARM release without a matched acquire!
11-09 11:38:57.603 26359 11082 E WakeLock: GCM_HB_ALARM release without a matched acquire!
11-09 11:39:00.038 26359 11082 E WakeLock: GCM_CONN_ALARM release without a matched acquire!
11-09 11:39:15.213 26359 11082 E WakeLock: GCM_HB_ALARM release without a matched acquire!
11-09 11:39:15.221 26359 11082 E WakeLock: GCM_CONN_ALARM release without a matched acquire!
11-09 11:39:31.085 26359 11082 E WakeLock: GCM_CONN_ALARM release without a matched acquire!
11-09 11:39:46.254 26359 11529 E WakeLock: GCM_HB_ALARM release without a matched acquire!
11-09 11:39:46.295 26359 11529 E WakeLock: GCM_HB_ALARM release without a matched acquire!
11-09 11:39:46.300 26359 11529 E WakeLock: GCM_CONN_ALARM release without a matched acquire!
11-09 11:40:17.017 26359 11758 E WakeLock: GCM_CONN_ALARM release without a matched acquire!
11-09 11:40:32.233 26359 11529 E WakeLock: GCM_HB_ALARM release without a matched acquire!
11-09 11:40:33.761 26359 11082 I NetworkScheduler.Stats: Task com.google.android.gms/com.google.android.gms.mdisync.service.MdiSyncBackgroundTaskService finished executing. cause:2 result: 1 elapsed_millis: 414 uptime_millis: 414 exec_start_elapsed_seconds: 547055 [CONTEXT service_id=218 ]
11-09 11:40:33.838 26359 11538 I NetworkScheduler.Stats: Task com.google.android.gms/com.google.android.gms.threadnetwork.service.firstparty.BorderRouterSyncBoundService started execution. cause:5 exec_start_elapsed_seconds: 547056 [CONTEXT service_id=218 ]
11-09 11:40:33.881 26359 26359 D BoundBrokerSvc: onBind: Intent { act=com.google.android.gms.mdns.service.START dat=chimera-action: cmp=com.google.android.gms/.chimera.MdnsPersistentBoundBrokerService }
11-09 11:40:33.881 26359 26359 D BoundBrokerSvc: Loading bound service for intent: Intent { act=com.google.android.gms.mdns.service.START dat=chimera-action: cmp=com.google.android.gms/.chimera.MdnsPersistentBoundBrokerService }
11-09 11:40:33.942 26359 16255 I System.out: DatagramSocket p = java.net.DatagramPacket@d916c3a ipAddress = /224.0.0.251
11-09 11:40:33.944 26359 16255 I _V_VPM  : isOverSeas no
11-09 11:40:33.944 26359 16255 I _V_VPM  : getProjectName ro.vivo.product.model=PD2046
11-09 11:40:33.944 26359 16255 I _V_VPM  : getOSVersion mOSVer=13.0
11-09 11:40:33.945 26359 16255 I _V_VPM  : needVPM yes project=PD2046 osVer=13.0
11-09 11:40:34.159 26359 16258 I AlarmManager: setExactAndAllowWhileIdle [name: GCM_HB_ALARM type: 2 triggerAtMillis: 547586461]
11-09 11:40:34.163 26359 16258 E WakeLock: GCM_CONN_ALARM release without a matched acquire!
11-09 11:40:34.182 26359 16258 I AlarmManager: setExactAndAllowWhileIdle [name: GCM_HB_ALARM type: 2 triggerAtMillis: 547586484]
11-09 11:40:34.941 26359 16255 I System.out: DatagramSocket p = java.net.DatagramPacket@b22da53 ipAddress = /224.0.0.251
11-09 11:40:35.942 26359 16255 I System.out: DatagramSocket p = java.net.DatagramPacket@b039089 ipAddress = /224.0.0.251
