11-09 10:43:29.730 26359  4543 E PhenotypeFlagCommitter: Retrieving snapshot for com.google.android.gms.family failed
11-09 10:43:29.730 26359  4543 E PhenotypeFlagCommitter: java.util.concurrent.TimeoutException: Timed out waiting for Task
11-09 10:43:29.730 26359  4543 E PhenotypeFlagCommitter: 	at bomi.m(:com.google.android.gms@224312039@22.43.12 (150408-483592595):6)
11-09 10:43:29.730 26359  4543 E PhenotypeFlagCommitter: 	at bfwj.c(:com.google.android.gms@224312039@22.43.12 (150408-483592595):2)
11-09 10:43:29.730 26359  4543 E PhenotypeFlagCommitter: 	at bfwj.i(:com.google.android.gms@224312039@22.43.12 (150408-483592595):2)
11-09 10:43:29.730 26359  4543 E PhenotypeFlagCommitter: 	at bfwj.i(:com.google.android.gms@224312039@22.43.12 (150408-483592595):7)
11-09 10:43:29.730 26359  4543 E PhenotypeFlagCommitter: 	at bfwj.f(:com.google.android.gms@224312039@22.43.12 (150408-483592595):0)
11-09 10:43:29.730 26359  4543 E PhenotypeFlagCommitter: 	at yso.d(:com.google.android.gms@224312039@22.43.12 (150408-483592595):5)
11-09 10:43:29.730 26359  4543 E PhenotypeFlagCommitter: 	at com.google.android.gms.common.config.PhenotypeUpdateOperation.onHandleIntent(:com.google.android.gms@224312039@22.43.12 (150408-483592595):10)
11-09 10:43:29.730 26359  4543 E PhenotypeFlagCommitter: 	at com.google.android.chimera.IntentOperation.onHandleIntent(:com.google.android.gms@224312039@22.43.12 (150408-483592595):2)
11-09 10:43:29.730 26359  4543 E PhenotypeFlagCommitter: 	at xax.onHandleIntent(:com.google.android.gms@224312039@22.43.12 (150408-483592595):4)
11-09 10:43:29.730 26359  4543 E PhenotypeFlagCommitter: 	at gml.run(:com.google.android.gms@224312039@22.43.12 (150408-483592595):3)
11-09 10:43:29.730 26359  4543 E PhenotypeFlagCommitter: 	at gmk.run(:com.google.android.gms@224312039@22.43.12 (150408-483592595):11)
11-09 10:43:29.730 26359  4543 E PhenotypeFlagCommitter: 	at ckdj.run(:com.google.android.gms@224312039@22.43.12 (150408-483592595):2)
11-09 10:43:29.730 26359  4543 E PhenotypeFlagCommitter: 	at java.util.concurrent.ThreadPoolExecutor.runWorker(ThreadPoolExecutor.java:1167)
11-09 10:43:29.730 26359  4543 E PhenotypeFlagCommitter: 	at java.util.concurrent.ThreadPoolExecutor$Worker.run(ThreadPoolExecutor.java:641)
11-09 10:43:29.730 26359  4543 E PhenotypeFlagCommitter: 	at java.lang.Thread.run(Thread.java:923)
11-09 10:43:38.707 26359  3957 E WakeLock: GCM_HB_ALARM release without a matched acquire!
11-09 10:43:40.527 26359  3957 E WakeLock: GCM_CONN_ALARM release without a matched acquire!
11-09 10:43:52.145 26359  3957 E NanoAppLogging: Failed to begin contexthub communication
11-09 10:43:55.629 26359  2112 E WakeLock: GCM_HB_ALARM release without a matched acquire!
11-09 10:43:55.640 26359  2112 E WakeLock: GCM_CONN_ALARM release without a matched acquire!
11-09 10:44:12.877 26359  4553 E WakeLock: GCM_CONN_ALARM release without a matched acquire!
11-09 10:44:28.023 26359  2112 E WakeLock: GCM_HB_ALARM release without a matched acquire!
11-09 10:44:28.080 26359  2112 E WakeLock: GCM_HB_ALARM release without a matched acquire!
11-09 10:44:28.086 26359  2112 E WakeLock: GCM_CONN_ALARM release without a matched acquire!
11-09 10:44:59.044 26359  3957 E WakeLock: GCM_CONN_ALARM release without a matched acquire!
11-09 10:45:14.140 26359  4576 E WakeLock: GCM_HB_ALARM release without a matched acquire!
11-09 10:45:15.889 26359  4576 E WakeLock: GCM_CONN_ALARM release without a matched acquire!
11-09 10:45:31.424 26359  2112 E WakeLock: GCM_HB_ALARM release without a matched acquire!
11-09 10:45:31.447 26359  2112 E WakeLock: GCM_CONN_ALARM release without a matched acquire!
11-09 10:45:50.918 26359 26444 E WakeLock: GCM_CONN_ALARM ** IS FORCE-RELEASED ON TIMEOUT **
11-09 10:45:54.602 26359  3957 E WakeLock: GCM_CONN_ALARM release without a matched acquire!
11-09 10:46:14.847 26359  5046 E WakeLock: GCM_HB_ALARM release without a matched acquire!
11-09 10:46:14.903 26359  5046 E WakeLock: GCM_HB_ALARM release without a matched acquire!
11-09 10:46:14.905 26359  5046 E WakeLock: GCM_CONN_ALARM release without a matched acquire!
11-09 10:46:48.852 26359 26444 E WakeLock: GCM_CONN_ALARM ** IS FORCE-RELEASED ON TIMEOUT **
11-09 10:47:07.369 26359  5249 E WakeLock: GCM_CONN_ALARM release without a matched acquire!
11-09 10:47:36.440 26359  2112 E WakeLock: GCM_HB_ALARM release without a matched acquire!
11-09 10:47:41.463 26359 26444 E WakeLock: GCM_CONN_ALARM ** IS FORCE-RELEASED ON TIMEOUT **
11-09 10:48:02.208 26359  5249 E WakeLock: GCM_HB_ALARM release without a matched acquire!
11-09 10:48:02.215 26359  5249 E WakeLock: GCM_CONN_ALARM release without a matched acquire!
11-09 10:49:03.150 26359  5046 E WakeLock: GCM_CONN_ALARM release without a matched acquire!
11-09 10:49:21.717 26359  2112 E WakeLock: GCM_HB_ALARM release without a matched acquire!
11-09 10:49:21.776 26359  2112 E WakeLock: GCM_HB_ALARM release without a matched acquire!
11-09 10:49:21.784 26359  2112 E WakeLock: GCM_CONN_ALARM release without a matched acquire!
11-09 10:51:18.854 26359  5046 E WakeLock: GCM_CONN_ALARM release without a matched acquire!
11-09 10:51:34.296 26359  3957 E WakeLock: GCM_HB_ALARM release without a matched acquire!
11-09 10:51:37.114 26359  3957 E WakeLock: GCM_CONN_ALARM release without a matched acquire!
11-09 10:51:53.066 26359  5249 E WakeLock: GCM_HB_ALARM release without a matched acquire!
11-09 10:51:53.077 26359  5249 E WakeLock: GCM_CONN_ALARM release without a matched acquire!
11-09 10:52:12.137 26359 26475 E WakeLock: GCM_CONN_ALARM ** IS FORCE-RELEASED ON TIMEOUT **
11-09 10:52:16.121 26359  5249 E WakeLock: GCM_CONN_ALARM release without a matched acquire!
11-09 10:52:33.722 26359  3957 E WakeLock: GCM_HB_ALARM release without a matched acquire!
11-09 10:52:33.785 26359  3957 E WakeLock: GCM_HB_ALARM release without a matched acquire!
11-09 10:52:33.792 26359  3957 E WakeLock: GCM_CONN_ALARM release without a matched acquire!
11-09 10:53:06.877 26359 26457 E WakeLock: GCM_CONN_ALARM ** IS FORCE-RELEASED ON TIMEOUT **
11-09 10:53:08.647 26359  3957 E WakeLock: GCM_CONN_ALARM release without a matched acquire!
11-09 10:53:26.152 26359  5249 E WakeLock: GCM_HB_ALARM release without a matched acquire!
11-09 10:53:31.174 26359 26475 E WakeLock: GCM_CONN_ALARM ** IS FORCE-RELEASED ON TIMEOUT **
11-09 10:53:31.871 26359  5249 E WakeLock: GCM_CONN_ALARM release without a matched acquire!
11-09 10:53:32.055 26359  6560 E PhenotypeFlagCommitter: Retrieving snapshot for com.google.android.gms.learning#com.google.android.gms failed
11-09 10:53:32.055 26359  6560 E PhenotypeFlagCommitter: java.util.concurrent.TimeoutException: Timed out waiting for Task
11-09 10:53:32.055 26359  6560 E PhenotypeFlagCommitter: 	at bomi.m(:com.google.android.gms@224312039@22.43.12 (150408-483592595):6)
11-09 10:53:32.055 26359  6560 E PhenotypeFlagCommitter: 	at bfwj.c(:com.google.android.gms@224312039@22.43.12 (150408-483592595):2)
11-09 10:53:32.055 26359  6560 E PhenotypeFlagCommitter: 	at bfwj.i(:com.google.android.gms@224312039@22.43.12 (150408-483592595):2)
11-09 10:53:32.055 26359  6560 E PhenotypeFlagCommitter: 	at bfwj.i(:com.google.android.gms@224312039@22.43.12 (150408-483592595):7)
11-09 10:53:32.055 26359  6560 E PhenotypeFlagCommitter: 	at bfwj.f(:com.google.android.gms@224312039@22.43.12 (150408-483592595):0)
11-09 10:53:32.055 26359  6560 E PhenotypeFlagCommitter: 	at yso.d(:com.google.android.gms@224312039@22.43.12 (150408-483592595):5)
11-09 10:53:32.055 26359  6560 E PhenotypeFlagCommitter: 	at com.google.android.gms.common.config.PhenotypeUpdateOperation.onHandleIntent(:com.google.android.gms@224312039@22.43.12 (150408-483592595):10)
11-09 10:53:32.055 26359  6560 E PhenotypeFlagCommitter: 	at com.google.android.chimera.IntentOperation.onHandleIntent(:com.google.android.gms@224312039@22.43.12 (150408-483592595):2)
11-09 10:53:32.055 26359  6560 E PhenotypeFlagCommitter: 	at xax.onHandleIntent(:com.google.android.gms@224312039@22.43.12 (150408-483592595):4)
11-09 10:53:32.055 26359  6560 E PhenotypeFlagCommitter: 	at gml.run(:com.google.android.gms@224312039@22.43.12 (150408-483592595):3)
11-09 10:53:32.055 26359  6560 E PhenotypeFlagCommitter: 	at gmk.run(:com.google.android.gms@224312039@22.43.12 (150408-483592595):11)
11-09 10:53:32.055 26359  6560 E PhenotypeFlagCommitter: 	at ckdj.run(:com.google.android.gms@224312039@22.43.12 (150408-483592595):2)
11-09 10:53:32.055 26359  6560 E PhenotypeFlagCommitter: 	at java.util.concurrent.ThreadPoolExecutor.runWorker(ThreadPoolExecutor.java:1167)
11-09 10:53:32.055 26359  6560 E PhenotypeFlagCommitter: 	at java.util.concurrent.ThreadPoolExecutor$Worker.run(ThreadPoolExecutor.java:641)
11-09 10:53:32.055 26359  6560 E PhenotypeFlagCommitter: 	at java.lang.Thread.run(Thread.java:923)
11-09 10:53:47.552 26359  5249 E WakeLock: GCM_HB_ALARM release without a matched acquire!
11-09 10:53:47.564 26359  5249 E WakeLock: GCM_CONN_ALARM release without a matched acquire!
11-09 10:54:06.894 26359 26444 E WakeLock: GCM_CONN_ALARM ** IS FORCE-RELEASED ON TIMEOUT **
11-09 10:54:09.681 26359  5249 E WakeLock: GCM_CONN_ALARM release without a matched acquire!
11-09 10:54:24.950 26359  3957 E WakeLock: GCM_HB_ALARM release without a matched acquire!
11-09 10:54:24.996 26359  3957 E WakeLock: GCM_HB_ALARM release without a matched acquire!
11-09 10:54:25.001 26359  3957 E WakeLock: GCM_CONN_ALARM release without a matched acquire!
11-09 10:54:56.985 26359  5046 E WakeLock: GCM_CONN_ALARM release without a matched acquire!
11-09 10:55:12.371 26359  3957 E WakeLock: GCM_HB_ALARM release without a matched acquire!
11-09 10:55:17.394 26359 26457 E WakeLock: GCM_CONN_ALARM ** IS FORCE-RELEASED ON TIMEOUT **
11-09 10:55:19.816 26359  3957 E WakeLock: GCM_CONN_ALARM release without a matched acquire!
11-09 10:55:37.628 26359  5249 E WakeLock: GCM_HB_ALARM release without a matched acquire!
11-09 10:55:37.638 26359  5249 E WakeLock: GCM_CONN_ALARM release without a matched acquire!
11-09 10:55:54.844 26359 26457 E WakeLock: GCM_CONN_ALARM ** IS FORCE-RELEASED ON TIMEOUT **
11-09 10:55:58.735 26359  3957 E WakeLock: GCM_CONN_ALARM release without a matched acquire!
11-09 10:56:15.411 26359  5046 E WakeLock: GCM_HB_ALARM release without a matched acquire!
11-09 10:56:15.455 26359  5046 E WakeLock: GCM_HB_ALARM release without a matched acquire!
11-09 10:56:15.460 26359  5046 E WakeLock: GCM_CONN_ALARM release without a matched acquire!
11-09 10:56:44.838 26359 26457 E WakeLock: GCM_CONN_ALARM ** IS FORCE-RELEASED ON TIMEOUT **
11-09 10:56:45.490 26359  5249 E WakeLock: GCM_CONN_ALARM release without a matched acquire!
11-09 10:57:03.433 26359  5249 E WakeLock: GCM_HB_ALARM release without a matched acquire!
11-09 10:57:07.202 26359  5249 E WakeLock: GCM_CONN_ALARM release without a matched acquire!
11-09 10:57:22.384 26359  3957 E WakeLock: GCM_HB_ALARM release without a matched acquire!
11-09 10:57:22.396 26359  3957 E WakeLock: GCM_CONN_ALARM release without a matched acquire!
11-09 10:57:38.680 26359  5046 E WakeLock: GCM_CONN_ALARM release without a matched acquire!
11-09 10:57:53.767 26359  3957 E WakeLock: GCM_HB_ALARM release without a matched acquire!
11-09 10:57:53.814 26359  3957 E WakeLock: GCM_HB_ALARM release without a matched acquire!
11-09 10:57:53.822 26359  3957 E WakeLock: GCM_CONN_ALARM release without a matched acquire!
11-09 10:58:25.805 26359  5249 E WakeLock: GCM_CONN_ALARM release without a matched acquire!
11-09 10:58:28.706 26359  8693 E _V_SensorManager: registerListenerImpl type:4 strType=android.sensor.gyroscope delay:20000 maxLatency:0 by: class com.google.android.location.collectionlib.SensorScanner$SensorEventListenerAdapter num: 0
11-09 10:58:38.727 26359  8693 E _V_SensorManager: unregisterListenerImpl listener=com.google.android.location.collectionlib.SensorScanner$SensorEventListenerAdapter@532e663sensor=NULL num: 1
11-09 10:58:41.044 26359  5249 E WakeLock: GCM_HB_ALARM release without a matched acquire!
11-09 10:58:43.803 26359  5249 E WakeLock: GCM_CONN_ALARM release without a matched acquire!
11-09 10:58:55.490 26359  8740 E _V_SensorManager: registerListenerImpl type:4 strType=android.sensor.gyroscope delay:20000 maxLatency:0 by: class com.google.android.location.collectionlib.SensorScanner$SensorEventListenerAdapter num: 0
11-09 10:59:01.494 26359  3957 E WakeLock: GCM_HB_ALARM release without a matched acquire!
11-09 10:59:01.506 26359  3957 E WakeLock: GCM_CONN_ALARM release without a matched acquire!
11-09 10:59:05.527 26359  8740 E _V_SensorManager: unregisterListenerImpl listener=com.google.android.location.collectionlib.SensorScanner$SensorEventListenerAdapter@752e55asensor=NULL num: 1
11-09 10:59:14.936 26359  3957 E WakeLock: GCM_CONN_ALARM release without a matched acquire!
11-09 10:59:30.120 26359  3957 E WakeLock: GCM_HB_ALARM release without a matched acquire!
11-09 10:59:30.172 26359  3957 E WakeLock: GCM_HB_ALARM release without a matched acquire!
11-09 10:59:30.178 26359  3957 E WakeLock: GCM_CONN_ALARM release without a matched acquire!
11-09 10:59:34.310 26359  8901 E _V_SensorManager: registerListenerImpl type:4 strType=android.sensor.gyroscope delay:20000 maxLatency:0 by: class com.google.android.location.collectionlib.SensorScanner$SensorEventListenerAdapter num: 0
11-09 10:59:44.324 26359  8901 E _V_SensorManager: unregisterListenerImpl listener=com.google.android.location.collectionlib.SensorScanner$SensorEventListenerAdapter@ea8101dsensor=NULL num: 1
11-09 10:59:57.177 26359  8918 E _V_SensorManager: registerListenerImpl type:4 strType=android.sensor.gyroscope delay:20000 maxLatency:0 by: class com.google.android.location.collectionlib.SensorScanner$SensorEventListenerAdapter num: 0
11-09 10:59:59.795 26359 26457 E WakeLock: GCM_CONN_ALARM ** IS FORCE-RELEASED ON TIMEOUT **
11-09 11:00:02.145 26359  3957 E WakeLock: GCM_CONN_ALARM release without a matched acquire!
11-09 11:00:07.194 26359  8918 E _V_SensorManager: unregisterListenerImpl listener=com.google.android.location.collectionlib.SensorScanner$SensorEventListenerAdapter@56e52absensor=NULL num: 1
11-09 11:00:17.485 26359  5046 E WakeLock: GCM_HB_ALARM release without a matched acquire!
11-09 11:00:20.985 26359  5046 E WakeLock: GCM_CONN_ALARM release without a matched acquire!
11-09 11:00:36.050 26359  5046 E WakeLock: GCM_HB_ALARM release without a matched acquire!
11-09 11:00:36.060 26359  5046 E WakeLock: GCM_CONN_ALARM release without a matched acquire!
11-09 11:00:56.003 26359 26457 E WakeLock: GCM_CONN_ALARM ** IS FORCE-RELEASED ON TIMEOUT **
11-09 11:00:56.931 26359  5046 E WakeLock: GCM_CONN_ALARM release without a matched acquire!
11-09 11:01:12.072 26359  3957 E WakeLock: GCM_HB_ALARM release without a matched acquire!
11-09 11:01:12.128 26359  3957 E WakeLock: GCM_HB_ALARM release without a matched acquire!
11-09 11:01:12.133 26359  3957 E WakeLock: GCM_CONN_ALARM release without a matched acquire!
11-09 11:01:43.416 26359  8707 E WakeLock: GCM_CONN_ALARM release without a matched acquire!
11-09 11:01:59.896 26359  3957 E WakeLock: GCM_HB_ALARM release without a matched acquire!
11-09 11:02:04.916 26359 26457 E WakeLock: GCM_CONN_ALARM ** IS FORCE-RELEASED ON TIMEOUT **
11-09 11:02:07.754 26359  3957 E WakeLock: GCM_CONN_ALARM release without a matched acquire!
11-09 11:02:22.999 26359  5046 E WakeLock: GCM_HB_ALARM release without a matched acquire!
11-09 11:02:23.007 26359  5046 E WakeLock: GCM_CONN_ALARM release without a matched acquire!
11-09 11:02:39.225 26359  5046 E WakeLock: GCM_CONN_ALARM release without a matched acquire!
11-09 11:02:54.378 26359  5046 E WakeLock: GCM_HB_ALARM release without a matched acquire!
11-09 11:02:54.432 26359  5046 E WakeLock: GCM_HB_ALARM release without a matched acquire!
11-09 11:02:54.438 26359  5046 E WakeLock: GCM_CONN_ALARM release without a matched acquire!
11-09 11:03:25.203 26359  5046 E WakeLock: GCM_CONN_ALARM release without a matched acquire!
11-09 11:03:40.554 26359  3957 E WakeLock: GCM_HB_ALARM release without a matched acquire!
11-09 11:03:43.274 26359  3957 E WakeLock: GCM_CONN_ALARM release without a matched acquire!
11-09 11:03:58.499 26359  3957 E WakeLock: GCM_HB_ALARM release without a matched acquire!
11-09 11:03:58.508 26359  3957 E WakeLock: GCM_CONN_ALARM release without a matched acquire!
11-09 11:04:14.765 26359  3957 E WakeLock: GCM_CONN_ALARM release without a matched acquire!
11-09 11:04:29.889 26359  5046 E WakeLock: GCM_HB_ALARM release without a matched acquire!
11-09 11:04:29.944 26359  5046 E WakeLock: GCM_HB_ALARM release without a matched acquire!
11-09 11:04:29.950 26359  5046 E WakeLock: GCM_CONN_ALARM release without a matched acquire!
11-09 11:05:00.845 26359  8707 E WakeLock: GCM_CONN_ALARM release without a matched acquire!
11-09 11:05:15.966 26359  5046 E WakeLock: GCM_HB_ALARM release without a matched acquire!
11-09 11:05:17.488 26359  5046 E WakeLock: GCM_CONN_ALARM release without a matched acquire!
11-09 11:05:32.706 26359  3957 E WakeLock: GCM_HB_ALARM release without a matched acquire!
11-09 11:05:32.719 26359  3957 E WakeLock: GCM_CONN_ALARM release without a matched acquire!
11-09 11:05:50.260 26359  3957 E WakeLock: GCM_CONN_ALARM release without a matched acquire!
11-09 11:06:05.569 26359  3957 E WakeLock: GCM_HB_ALARM release without a matched acquire!
11-09 11:06:05.617 26359  3957 E WakeLock: GCM_HB_ALARM release without a matched acquire!
11-09 11:06:05.624 26359  3957 E WakeLock: GCM_CONN_ALARM release without a matched acquire!
11-09 11:06:36.693 26359  3957 E WakeLock: GCM_CONN_ALARM release without a matched acquire!
11-09 11:06:52.584 26359  5046 E WakeLock: GCM_HB_ALARM release without a matched acquire!
11-09 11:06:56.864 26359  5046 E WakeLock: GCM_CONN_ALARM release without a matched acquire!
11-09 11:07:12.159 26359  5046 E WakeLock: GCM_HB_ALARM release without a matched acquire!
11-09 11:07:12.171 26359  5046 E WakeLock: GCM_CONN_ALARM release without a matched acquire!
11-09 11:07:29.841 26359  5046 E WakeLock: GCM_CONN_ALARM release without a matched acquire!
11-09 11:07:44.985 26359  3957 E WakeLock: GCM_HB_ALARM release without a matched acquire!
11-09 11:07:45.038 26359  3957 E WakeLock: GCM_HB_ALARM release without a matched acquire!
11-09 11:07:45.046 26359  3957 E WakeLock: GCM_CONN_ALARM release without a matched acquire!
11-09 11:08:17.352 26359  8707 E WakeLock: GCM_CONN_ALARM release without a matched acquire!
11-09 11:08:32.482 26359  3957 E WakeLock: GCM_HB_ALARM release without a matched acquire!
11-09 11:08:33.611 26359  3957 E WakeLock: GCM_CONN_ALARM release without a matched acquire!
11-09 11:08:48.879 26359  5046 E WakeLock: GCM_HB_ALARM release without a matched acquire!
11-09 11:08:48.890 26359  5046 E WakeLock: GCM_CONN_ALARM release without a matched acquire!
11-09 11:09:05.684 26359  5046 E WakeLock: GCM_CONN_ALARM release without a matched acquire!
11-09 11:09:20.817 26359  5046 E WakeLock: GCM_HB_ALARM release without a matched acquire!
11-09 11:09:20.872 26359  5046 E WakeLock: GCM_HB_ALARM release without a matched acquire!
11-09 11:09:20.878 26359  5046 E WakeLock: GCM_CONN_ALARM release without a matched acquire!
11-09 11:09:52.082 26359  5046 E WakeLock: GCM_CONN_ALARM release without a matched acquire!
11-09 11:10:08.243 26359  3957 E WakeLock: GCM_HB_ALARM release without a matched acquire!
11-09 11:10:12.009 26359  3957 E WakeLock: GCM_CONN_ALARM release without a matched acquire!
11-09 11:10:27.598 26359  3957 E WakeLock: GCM_HB_ALARM release without a matched acquire!
11-09 11:10:27.606 26359  3957 E WakeLock: GCM_CONN_ALARM release without a matched acquire!
11-09 11:10:46.159 26359  3957 I NetworkScheduler.Stats: Task com.google.android.gms/com.google.android.gms.measurement.PackageMeasurementTaskService started execution. cause:2 exec_start_elapsed_seconds: 545268 [CONTEXT service_id=218 ]
11-09 11:10:46.370 26359  3957 I AlarmManager: setExactAndAllowWhileIdle [name: GCM_HB_ALARM type: 2 triggerAtMillis: 545798671]
11-09 11:10:46.373 26359  3957 E WakeLock: GCM_CONN_ALARM release without a matched acquire!
11-09 11:10:46.408 26359  3957 I AlarmManager: setExactAndAllowWhileIdle [name: GCM_HB_ALARM type: 2 triggerAtMillis: 545798710]
11-09 11:10:46.909 26359 26359 D BoundBrokerSvc: onBind: Intent { act=com.google.android.gms.scheduler.ACTION_PROXY_SCHEDULE dat=chimera-action: cmp=com.google.android.gms/.chimera.PersistentApiService }
11-09 11:10:46.910 26359 26359 D BoundBrokerSvc: Loading bound service for intent: Intent { act=com.google.android.gms.scheduler.ACTION_PROXY_SCHEDULE dat=chimera-action: cmp=com.google.android.gms/.chimera.PersistentApiService }
11-09 11:10:46.941 26359 26359 D BoundBrokerSvc: onBind: Intent { act=com.google.android.gms.gmscompliance.service.START dat=chimera-action: cmp=com.google.android.gms/.chimera.PersistentBoundBrokerService }
11-09 11:10:46.941 26359 26359 D BoundBrokerSvc: Loading bound service for intent: Intent { act=com.google.android.gms.gmscompliance.service.START dat=chimera-action: cmp=com.google.android.gms/.chimera.PersistentBoundBrokerService }
11-09 11:10:46.958 26359  3957 I NetworkScheduler.Stats: Task com.google.android.gms/com.google.android.gms.measurement.PackageMeasurementTaskService finished executing. cause:2 result: 1 elapsed_millis: 852 uptime_millis: 853 exec_start_elapsed_seconds: 545268 [CONTEXT service_id=218 ]
11-09 11:11:03.749 26359 10402 E WakeLock: GCM_HB_ALARM release without a matched acquire!
11-09 11:11:03.804 26359 10402 E WakeLock: GCM_HB_ALARM release without a matched acquire!
11-09 11:11:03.809 26359 10402 E WakeLock: GCM_CONN_ALARM release without a matched acquire!
11-09 11:11:37.090 26359  8707 E WakeLock: GCM_CONN_ALARM release without a matched acquire!
11-09 11:11:52.287 26359 10402 E WakeLock: GCM_HB_ALARM release without a matched acquire!
11-09 11:11:55.160 26359 10402 E WakeLock: GCM_CONN_ALARM release without a matched acquire!
11-09 11:12:10.922 26359  3957 E WakeLock: GCM_HB_ALARM release without a matched acquire!
11-09 11:12:10.932 26359  3957 E WakeLock: GCM_CONN_ALARM release without a matched acquire!
11-09 11:12:26.510 26359  3957 E WakeLock: GCM_CONN_ALARM release without a matched acquire!
11-09 11:12:42.153 26359  3957 E WakeLock: GCM_HB_ALARM release without a matched acquire!
11-09 11:12:42.205 26359  3957 E WakeLock: GCM_HB_ALARM release without a matched acquire!
11-09 11:12:42.211 26359  3957 E WakeLock: GCM_CONN_ALARM release without a matched acquire!
11-09 11:13:15.674 26359 26444 E WakeLock: GCM_CONN_ALARM ** IS FORCE-RELEASED ON TIMEOUT **
11-09 11:13:15.873 26359  3957 E WakeLock: GCM_CONN_ALARM release without a matched acquire!
11-09 11:13:31.001 26359 10402 E WakeLock: GCM_HB_ALARM release without a matched acquire!
11-09 11:13:34.649 26359 10624 E WakeLock: GCM_CONN_ALARM release without a matched acquire!
11-09 11:13:39.135 26359 10804 W ConfiguratorPhenotypeUt: Phenotype bulk platform registration failed. [CONTEXT service_id=204 ]
11-09 11:13:39.135 26359 10804 W ConfiguratorPhenotypeUt: java.util.concurrent.TimeoutException: Timed out waiting for Task
11-09 11:13:39.135 26359 10804 W ConfiguratorPhenotypeUt: 	at bomi.m(:com.google.android.gms@224312039@22.43.12 (150408-483592595):6)
11-09 11:13:39.135 26359 10804 W ConfiguratorPhenotypeUt: 	at bgbz.f(:com.google.android.gms@224312039@22.43.12 (150408-483592595):9)
11-09 11:13:39.135 26359 10804 W ConfiguratorPhenotypeUt: 	at com.google.android.gms.platformconfigurator.PhenotypeConfigurationUpdateListener.b(:com.google.android.gms@224312039@22.43.12 (150408-483592595):3)
11-09 11:13:39.135 26359 10804 W ConfiguratorPhenotypeUt: 	at com.google.android.gms.platformconfigurator.PhenotypeConfigurationUpdateListener.c(:com.google.android.gms@224312039@22.43.12 (150408-483592595):0)
11-09 11:13:39.135 26359 10804 W ConfiguratorPhenotypeUt: 	at com.google.android.gms.platformconfigurator.PhenotypeConfigurationUpdateListener.onHandleIntent(:com.google.android.gms@224312039@22.43.12 (150408-483592595):5)
11-09 11:13:39.135 26359 10804 W ConfiguratorPhenotypeUt: 	at com.google.android.chimera.IntentOperation.onHandleIntent(:com.google.android.gms@224312039@22.43.12 (150408-483592595):2)
11-09 11:13:39.135 26359 10804 W ConfiguratorPhenotypeUt: 	at xax.onHandleIntent(:com.google.android.gms@224312039@22.43.12 (150408-483592595):4)
11-09 11:13:39.135 26359 10804 W ConfiguratorPhenotypeUt: 	at gml.run(:com.google.android.gms@224312039@22.43.12 (150408-483592595):3)
11-09 11:13:39.135 26359 10804 W ConfiguratorPhenotypeUt: 	at gmk.run(:com.google.android.gms@224312039@22.43.12 (150408-483592595):11)
11-09 11:13:39.135 26359 10804 W ConfiguratorPhenotypeUt: 	at ckdj.run(:com.google.android.gms@224312039@22.43.12 (150408-483592595):2)
11-09 11:13:39.135 26359 10804 W ConfiguratorPhenotypeUt: 	at java.util.concurrent.ThreadPoolExecutor.runWorker(ThreadPoolExecutor.java:1167)
11-09 11:13:39.135 26359 10804 W ConfiguratorPhenotypeUt: 	at java.util.concurrent.ThreadPoolExecutor$Worker.run(ThreadPoolExecutor.java:641)
11-09 11:13:39.135 26359 10804 W ConfiguratorPhenotypeUt: 	at java.lang.Thread.run(Thread.java:923)
11-09 11:13:39.138 26359 10804 I ExperimentPackageManage: Package com.google.android.networkstack name not found! Using module version.
11-09 11:13:39.140 26359 10804 I ExperimentPackageManage: Package com.google.android.as name not found! Using module version.
11-09 11:13:39.142 26359 10804 I ExperimentPackageManage: Package com.android.refreshratecontrol name not found! Using module version.
11-09 11:13:39.144 26359 10804 I ExperimentPackageManage: Package com.google.android.as name not found! Using module version.
11-09 11:13:39.146 26359 10804 I ExperimentPackageManage: Package com.google.android.apps.nexuslauncher name not found! Using module version.
11-09 11:13:39.148 26359 10804 I ExperimentPackageManage: Package com.google.android.resolv name not found! Using module version.
11-09 11:13:39.149 26359 10804 I ExperimentPackageManage: Package com.google.android.extservices name not found! Using module version.
11-09 11:13:39.152 26359 10804 I ExperimentPackageManage: Package com.google.oslo name not found! Using module version.
11-09 11:13:39.153 26359 10804 I ExperimentPackageManage: Package com.google.android.permissioncontroller name not found! Using module version.
11-09 11:13:39.156 26359 10804 I ExperimentPackageManage: Package com.google.android.art name not found! Using module version.
11-09 11:13:39.158 26359 10804 I ExperimentPackageManage: Package com.google.android.art name not found! Using module version.
11-09 11:13:39.160 26359 10804 I ExperimentPackageManage: Package com.google.android.extservices name not found! Using module version.
11-09 11:13:39.161 26359 10804 I ExperimentPackageManage: Package com.google.android.wifi name not found! Using module version.
11-09 11:13:39.164 26359 10804 I ExperimentPackageManage: Package com.google.android.os.statsd name not found! Using module version.
11-09 11:13:39.165 26359 10804 I ExperimentPackageManage: Package com.android.media name not found! Using module version.
11-09 11:13:39.166 26359 10804 I ExperimentPackageManage: Package com.android.media.swcodec name not found! Using module version.
11-09 11:13:39.168 26359 10804 I ExperimentPackageManage: Package com.google.android.permissioncontroller name not found! Using module version.
11-09 11:13:39.174 26359 10804 I ExperimentPackageManage: Package com.google.android.os.statsd name not found! Using module version.
11-09 11:13:39.175 26359 10804 I ExperimentPackageManage: Package com.android.appsearch name not found! Using module version.
11-09 11:13:39.177 26359 10804 I ExperimentPackageManage: Package com.android.neuralnetworks name not found! Using module version.
11-09 11:13:39.177 26359 10804 I ExperimentPackageManage: Package com.google.android.odad name not found! Using module version.
11-09 11:13:39.180 26359 10804 I ExperimentPackageManage: Package com.android.media name not found! Using module version.
11-09 11:13:39.181 26359 10804 I ExperimentPackageManage: Package com.google.android.tethering name not found! Using module version.
11-09 11:13:39.182 26359 10804 I ExperimentPackageManage: Package com.google.android.captiveportallogin name not found! Using module version.
11-09 11:13:39.183 26359 10804 I ExperimentPackageManage: Package com.google.android.adservices name not found! Using module version.
11-09 11:13:39.185 26359 10804 I ExperimentPackageManage: Package com.google.android.as.oss name not found! Using module version.
11-09 11:13:39.186 26359 10804 I ExperimentPackageManage: Package 1 name not found! Using module version.
11-09 11:13:39.187 26359 10804 I ExperimentPackageManage: Package com.google.android.ipsec name not found! Using module version.
11-09 11:13:39.187 26359 10804 I ExperimentPackageManage: Package com.google.android.sdksandbox name not found! Using module version.
11-09 11:13:39.188 26359 10804 I ExperimentPackageManage: Package com.google.android.os.statsd name not found! Using module version.
11-09 11:13:39.189 26359 10804 I ExperimentPackageManage: Package com.google.android.os.statsd name not found! Using module version.
11-09 11:13:39.191 26359 10804 W PhenotypeConfigurationU: Update for unknown DeviceConfig package com.google.android.gms.beacon [CONTEXT service_id=204 ]
11-09 11:13:39.191 26359 10804 W PhenotypeConfigurationU: bgce: No package exists for config package: com.google.android.gms.beacon
11-09 11:13:39.191 26359 10804 W PhenotypeConfigurationU: 	at com.google.android.gms.platformconfigurator.PhenotypeConfigurationUpdateListener.a(:com.google.android.gms@224312039@22.43.12 (150408-483592595):7)
11-09 11:13:39.191 26359 10804 W PhenotypeConfigurationU: 	at com.google.android.gms.platformconfigurator.PhenotypeConfigurationUpdateListener.onHandleIntent(:com.google.android.gms@224312039@22.43.12 (150408-483592595):6)
11-09 11:13:39.191 26359 10804 W PhenotypeConfigurationU: 	at com.google.android.chimera.IntentOperation.onHandleIntent(:com.google.android.gms@224312039@22.43.12 (150408-483592595):2)
11-09 11:13:39.191 26359 10804 W PhenotypeConfigurationU: 	at xax.onHandleIntent(:com.google.android.gms@224312039@22.43.12 (150408-483592595):4)
11-09 11:13:39.191 26359 10804 W PhenotypeConfigurationU: 	at gml.run(:com.google.android.gms@224312039@22.43.12 (150408-483592595):3)
11-09 11:13:39.191 26359 10804 W PhenotypeConfigurationU: 	at gmk.run(:com.google.android.gms@224312039@22.43.12 (150408-483592595):11)
11-09 11:13:39.191 26359 10804 W PhenotypeConfigurationU: 	at ckdj.run(:com.google.android.gms@224312039@22.43.12 (150408-483592595):2)
11-09 11:13:39.191 26359 10804 W PhenotypeConfigurationU: 	at java.util.concurrent.ThreadPoolExecutor.runWorker(ThreadPoolExecutor.java:1167)
11-09 11:13:39.191 26359 10804 W PhenotypeConfigurationU: 	at java.util.concurrent.ThreadPoolExecutor$Worker.run(ThreadPoolExecutor.java:641)
11-09 11:13:39.191 26359 10804 W PhenotypeConfigurationU: 	at java.lang.Thread.run(Thread.java:923)
11-09 11:13:39.198 26359 10804 I ExperimentPackageManage: Package com.google.android.networkstack name not found! Using module version.
11-09 11:13:39.200 26359 10804 I ExperimentPackageManage: Package com.google.android.as name not found! Using module version.
11-09 11:13:39.203 26359 10804 I ExperimentPackageManage: Package com.android.refreshratecontrol name not found! Using module version.
11-09 11:13:39.203 26359 10804 I ExperimentPackageManage: Package com.google.android.as name not found! Using module version.
11-09 11:13:39.204 26359 10804 I ExperimentPackageManage: Package com.google.android.apps.nexuslauncher name not found! Using module version.
11-09 11:13:39.205 26359 10804 I ExperimentPackageManage: Package com.google.android.resolv name not found! Using module version.
11-09 11:13:39.207 26359 10804 I ExperimentPackageManage: Package com.google.android.extservices name not found! Using module version.
11-09 11:13:39.208 26359 10804 I ExperimentPackageManage: Package com.google.oslo name not found! Using module version.
11-09 11:13:39.208 26359 10804 I ExperimentPackageManage: Package com.google.android.permissioncontroller name not found! Using module version.
11-09 11:13:39.210 26359 10804 I ExperimentPackageManage: Package com.google.android.art name not found! Using module version.
11-09 11:13:39.212 26359 10804 I ExperimentPackageManage: Package com.google.android.art name not found! Using module version.
11-09 11:13:39.213 26359 10804 I ExperimentPackageManage: Package com.google.android.extservices name not found! Using module version.
11-09 11:13:39.215 26359 10804 I ExperimentPackageManage: Package com.google.android.wifi name not found! Using module version.
11-09 11:13:39.216 26359 10804 I ExperimentPackageManage: Package com.google.android.os.statsd name not found! Using module version.
11-09 11:13:39.217 26359 10804 I ExperimentPackageManage: Package com.android.media name not found! Using module version.
11-09 11:13:39.218 26359 10804 I ExperimentPackageManage: Package com.android.media.swcodec name not found! Using module version.
11-09 11:13:39.220 26359 10804 I ExperimentPackageManage: Package com.google.android.permissioncontroller name not found! Using module version.
11-09 11:13:39.221 26359 10804 I ExperimentPackageManage: Package com.google.android.os.statsd name not found! Using module version.
11-09 11:13:39.222 26359 10804 I ExperimentPackageManage: Package com.android.appsearch name not found! Using module version.
11-09 11:13:39.224 26359 10804 I ExperimentPackageManage: Package com.android.neuralnetworks name not found! Using module version.
11-09 11:13:39.225 26359 10804 I ExperimentPackageManage: Package com.google.android.odad name not found! Using module version.
11-09 11:13:39.226 26359 10804 I ExperimentPackageManage: Package com.android.media name not found! Using module version.
11-09 11:13:39.228 26359 10804 I ExperimentPackageManage: Package com.google.android.tethering name not found! Using module version.
11-09 11:13:39.229 26359 10804 I ExperimentPackageManage: Package com.google.android.captiveportallogin name not found! Using module version.
11-09 11:13:39.230 26359 10804 I ExperimentPackageManage: Package com.google.android.adservices name not found! Using module version.
11-09 11:13:39.232 26359 10804 I ExperimentPackageManage: Package com.google.android.as.oss name not found! Using module version.
11-09 11:13:39.233 26359 10804 I ExperimentPackageManage: Package 1 name not found! Using module version.
11-09 11:13:39.234 26359 10804 I ExperimentPackageManage: Package com.google.android.ipsec name not found! Using module version.
11-09 11:13:39.236 26359 10804 I ExperimentPackageManage: Package com.google.android.sdksandbox name not found! Using module version.
11-09 11:13:39.237 26359 10804 I ExperimentPackageManage: Package com.google.android.os.statsd name not found! Using module version.
11-09 11:13:39.238 26359 10804 I ExperimentPackageManage: Package com.google.android.os.statsd name not found! Using module version.
11-09 11:13:39.240 26359 10804 W ConfiguratorPhenotypeUt: Package com.google.android.os.statsd name not found! Using module version. [CONTEXT service_id=204 ]
11-09 11:13:39.242 26359 10804 W ConfiguratorPhenotypeUt: Package com.google.android.os.statsd name not found! Using module version. [CONTEXT service_id=204 ]
11-09 11:13:39.244 26359 10804 W ConfiguratorPhenotypeUt: Package com.google.android.sdksandbox name not found! Using module version. [CONTEXT service_id=204 ]
11-09 11:13:39.246 26359 10804 W ConfiguratorPhenotypeUt: Package com.google.android.resolv name not found! Using module version. [CONTEXT service_id=204 ]
11-09 11:13:39.250 26359 10804 W ConfiguratorPhenotypeUt: Package com.google.android.os.statsd name not found! Using module version. [CONTEXT service_id=204 ]
11-09 11:13:39.251 26359 10804 W ConfiguratorPhenotypeUt: Package com.google.android.odad name not found! Using module version. [CONTEXT service_id=204 ]
11-09 11:13:39.253 26359 10804 W ConfiguratorPhenotypeUt: Package com.google.android.as name not found! Using module version. [CONTEXT service_id=204 ]
11-09 11:13:39.254 26359 10804 W ConfiguratorPhenotypeUt: Package com.google.android.networkstack name not found! Using module version. [CONTEXT service_id=204 ]
11-09 11:13:39.257 26359 10804 W ConfiguratorPhenotypeUt: Package com.android.media.swcodec name not found! Using module version. [CONTEXT service_id=204 ]
11-09 11:13:39.258 26359 10804 W ConfiguratorPhenotypeUt: Package com.google.android.wifi name not found! Using module version. [CONTEXT service_id=204 ]
11-09 11:13:39.261 26359 10804 W ConfiguratorPhenotypeUt: Package com.google.android.art name not found! Using module version. [CONTEXT service_id=204 ]
11-09 11:13:39.263 26359 10804 W ConfiguratorPhenotypeUt: Package com.android.appsearch name not found! Using module version. [CONTEXT service_id=204 ]
11-09 11:13:39.265 26359 10804 W ConfiguratorPhenotypeUt: Package com.google.android.ipsec name not found! Using module version. [CONTEXT service_id=204 ]
11-09 11:13:39.267 26359 10804 W ConfiguratorPhenotypeUt: Package com.google.android.art name not found! Using module version. [CONTEXT service_id=204 ]
11-09 11:13:39.270 26359 10804 W ConfiguratorPhenotypeUt: Package com.google.android.apps.nexuslauncher name not found! Using module version. [CONTEXT service_id=204 ]
11-09 11:13:39.273 26359 10804 W ConfiguratorPhenotypeUt: Package com.google.android.adservices name not found! Using module version. [CONTEXT service_id=204 ]
11-09 11:13:39.276 26359 10804 W ConfiguratorPhenotypeUt: Package com.google.android.permissioncontroller name not found! Using module version. [CONTEXT service_id=204 ]
11-09 11:13:39.278 26359 10804 W ConfiguratorPhenotypeUt: Package com.google.android.as name not found! Using module version. [CONTEXT service_id=204 ]
11-09 11:13:39.280 26359 10804 W ConfiguratorPhenotypeUt: Package com.android.media name not found! Using module version. [CONTEXT service_id=204 ]
11-09 11:13:39.281 26359 10804 W ConfiguratorPhenotypeUt: Package com.google.android.extservices name not found! Using module version. [CONTEXT service_id=204 ]
11-09 11:13:39.282 26359 10804 W ConfiguratorPhenotypeUt: Package com.google.android.as.oss name not found! Using module version. [CONTEXT service_id=204 ]
11-09 11:13:39.283 26359 10804 W ConfiguratorPhenotypeUt: Package com.google.oslo name not found! Using module version. [CONTEXT service_id=204 ]
11-09 11:13:39.287 26359 10804 W ConfiguratorPhenotypeUt: Package com.google.android.permissioncontroller name not found! Using module version. [CONTEXT service_id=204 ]
11-09 11:13:39.290 26359 10804 W ConfiguratorPhenotypeUt: Package com.google.android.extservices name not found! Using module version. [CONTEXT service_id=204 ]
11-09 11:13:39.292 26359 10804 W ConfiguratorPhenotypeUt: Package com.google.android.os.statsd name not found! Using module version. [CONTEXT service_id=204 ]
11-09 11:13:39.303 26359 10804 W ConfiguratorPhenotypeUt: Package com.google.android.captiveportallogin name not found! Using module version. [CONTEXT service_id=204 ]
11-09 11:13:39.307 26359 10804 W ConfiguratorPhenotypeUt: Package com.android.refreshratecontrol name not found! Using module version. [CONTEXT service_id=204 ]
11-09 11:13:39.308 26359 10804 W ConfiguratorPhenotypeUt: Package com.android.media name not found! Using module version. [CONTEXT service_id=204 ]
11-09 11:13:39.311 26359 10804 W ConfiguratorPhenotypeUt: Package com.android.neuralnetworks name not found! Using module version. [CONTEXT service_id=204 ]
11-09 11:13:39.313 26359 10804 W ConfiguratorPhenotypeUt: Package com.google.android.tethering name not found! Using module version. [CONTEXT service_id=204 ]
11-09 11:13:39.315 26359 10804 W ConfiguratorPhenotypeUt: Package 1 name not found! Using module version. [CONTEXT service_id=204 ]
11-09 11:13:45.326 26359 10804 W ConfiguratorPhenotypeUt: Phenotype bulk platform registration failed. [CONTEXT service_id=204 ]
11-09 11:13:45.326 26359 10804 W ConfiguratorPhenotypeUt: java.util.concurrent.TimeoutException: Timed out waiting for Task
11-09 11:13:45.326 26359 10804 W ConfiguratorPhenotypeUt: 	at bomi.m(:com.google.android.gms@224312039@22.43.12 (150408-483592595):6)
11-09 11:13:45.326 26359 10804 W ConfiguratorPhenotypeUt: 	at bgbz.f(:com.google.android.gms@224312039@22.43.12 (150408-483592595):9)
11-09 11:13:45.326 26359 10804 W ConfiguratorPhenotypeUt: 	at com.google.android.gms.platformconfigurator.PhenotypeConfigurationUpdateListener.b(:com.google.android.gms@224312039@22.43.12 (150408-483592595):3)
11-09 11:13:45.326 26359 10804 W ConfiguratorPhenotypeUt: 	at com.google.android.gms.platformconfigurator.PhenotypeConfigurationUpdateListener.c(:com.google.android.gms@224312039@22.43.12 (150408-483592595):0)
11-09 11:13:45.326 26359 10804 W ConfiguratorPhenotypeUt: 	at com.google.android.gms.platformconfigurator.PhenotypeConfigurationUpdateListener.onHandleIntent(:com.google.android.gms@224312039@22.43.12 (150408-483592595):5)
11-09 11:13:45.326 26359 10804 W ConfiguratorPhenotypeUt: 	at com.google.android.chimera.IntentOperation.onHandleIntent(:com.google.android.gms@224312039@22.43.12 (150408-483592595):2)
11-09 11:13:45.326 26359 10804 W ConfiguratorPhenotypeUt: 	at xax.onHandleIntent(:com.google.android.gms@224312039@22.43.12 (150408-483592595):4)
11-09 11:13:45.326 26359 10804 W ConfiguratorPhenotypeUt: 	at gml.run(:com.google.android.gms@224312039@22.43.12 (150408-483592595):3)
11-09 11:13:45.326 26359 10804 W ConfiguratorPhenotypeUt: 	at gmk.run(:com.google.android.gms@224312039@22.43.12 (150408-483592595):11)
11-09 11:13:45.326 26359 10804 W ConfiguratorPhenotypeUt: 	at ckdj.run(:com.google.android.gms@224312039@22.43.12 (150408-483592595):2)
11-09 11:13:45.326 26359 10804 W ConfiguratorPhenotypeUt: 	at java.util.concurrent.ThreadPoolExecutor.runWorker(ThreadPoolExecutor.java:1167)
11-09 11:13:45.326 26359 10804 W ConfiguratorPhenotypeUt: 	at java.util.concurrent.ThreadPoolExecutor$Worker.run(ThreadPoolExecutor.java:641)
11-09 11:13:45.326 26359 10804 W ConfiguratorPhenotypeUt: 	at java.lang.Thread.run(Thread.java:923)
11-09 11:13:45.328 26359 10804 I ExperimentPackageManage: Package com.google.android.networkstack name not found! Using module version.
11-09 11:13:45.330 26359 10804 I ExperimentPackageManage: Package com.google.android.as name not found! Using module version.
11-09 11:13:45.331 26359 10804 I ExperimentPackageManage: Package com.android.refreshratecontrol name not found! Using module version.
11-09 11:13:45.332 26359 10804 I ExperimentPackageManage: Package com.google.android.as name not found! Using module version.
11-09 11:13:45.333 26359 10804 I ExperimentPackageManage: Package com.google.android.apps.nexuslauncher name not found! Using module version.
11-09 11:13:45.334 26359 10804 I ExperimentPackageManage: Package com.google.android.resolv name not found! Using module version.
11-09 11:13:45.335 26359 10804 I ExperimentPackageManage: Package com.google.android.extservices name not found! Using module version.
11-09 11:13:45.337 26359 10804 I ExperimentPackageManage: Package com.google.oslo name not found! Using module version.
11-09 11:13:45.338 26359 10804 I ExperimentPackageManage: Package com.google.android.permissioncontroller name not found! Using module version.
11-09 11:13:45.339 26359 10804 I ExperimentPackageManage: Package com.google.android.art name not found! Using module version.
11-09 11:13:45.342 26359 10804 I ExperimentPackageManage: Package com.google.android.art name not found! Using module version.
11-09 11:13:45.343 26359 10804 I ExperimentPackageManage: Package com.google.android.extservices name not found! Using module version.
11-09 11:13:45.344 26359 10804 I ExperimentPackageManage: Package com.google.android.wifi name not found! Using module version.
11-09 11:13:45.353 26359 10804 I ExperimentPackageManage: Package com.google.android.os.statsd name not found! Using module version.
11-09 11:13:45.356 26359 10804 I ExperimentPackageManage: Package com.android.media name not found! Using module version.
11-09 11:13:45.358 26359 10804 I ExperimentPackageManage: Package com.android.media.swcodec name not found! Using module version.
11-09 11:13:45.361 26359 10804 I ExperimentPackageManage: Package com.google.android.permissioncontroller name not found! Using module version.
11-09 11:13:45.363 26359 10804 I ExperimentPackageManage: Package com.google.android.os.statsd name not found! Using module version.
11-09 11:13:45.365 26359 10804 I ExperimentPackageManage: Package com.android.appsearch name not found! Using module version.
11-09 11:13:45.367 26359 10804 I ExperimentPackageManage: Package com.android.neuralnetworks name not found! Using module version.
11-09 11:13:45.368 26359 10804 I ExperimentPackageManage: Package com.google.android.odad name not found! Using module version.
11-09 11:13:45.370 26359 10804 I ExperimentPackageManage: Package com.android.media name not found! Using module version.
11-09 11:13:45.371 26359 10804 I ExperimentPackageManage: Package com.google.android.tethering name not found! Using module version.
11-09 11:13:45.372 26359 10804 I ExperimentPackageManage: Package com.google.android.captiveportallogin name not found! Using module version.
11-09 11:13:45.374 26359 10804 I ExperimentPackageManage: Package com.google.android.adservices name not found! Using module version.
11-09 11:13:45.376 26359 10804 I ExperimentPackageManage: Package com.google.android.as.oss name not found! Using module version.
11-09 11:13:45.377 26359 10804 I ExperimentPackageManage: Package 1 name not found! Using module version.
11-09 11:13:45.379 26359 10804 I ExperimentPackageManage: Package com.google.android.ipsec name not found! Using module version.
11-09 11:13:45.381 26359 10804 I ExperimentPackageManage: Package com.google.android.sdksandbox name not found! Using module version.
11-09 11:13:45.382 26359 10804 I ExperimentPackageManage: Package com.google.android.os.statsd name not found! Using module version.
11-09 11:13:45.383 26359 10804 I ExperimentPackageManage: Package com.google.android.os.statsd name not found! Using module version.
11-09 11:13:45.385 26359 10804 W PhenotypeConfigurationU: Update for unknown DeviceConfig package com.google.android.gms.kids [CONTEXT service_id=204 ]
11-09 11:13:45.385 26359 10804 W PhenotypeConfigurationU: bgce: No package exists for config package: com.google.android.gms.kids
11-09 11:13:45.385 26359 10804 W PhenotypeConfigurationU: 	at com.google.android.gms.platformconfigurator.PhenotypeConfigurationUpdateListener.a(:com.google.android.gms@224312039@22.43.12 (150408-483592595):7)
11-09 11:13:45.385 26359 10804 W PhenotypeConfigurationU: 	at com.google.android.gms.platformconfigurator.PhenotypeConfigurationUpdateListener.onHandleIntent(:com.google.android.gms@224312039@22.43.12 (150408-483592595):6)
11-09 11:13:45.385 26359 10804 W PhenotypeConfigurationU: 	at com.google.android.chimera.IntentOperation.onHandleIntent(:com.google.android.gms@224312039@22.43.12 (150408-483592595):2)
11-09 11:13:45.385 26359 10804 W PhenotypeConfigurationU: 	at xax.onHandleIntent(:com.google.android.gms@224312039@22.43.12 (150408-483592595):4)
11-09 11:13:45.385 26359 10804 W PhenotypeConfigurationU: 	at gml.run(:com.google.android.gms@224312039@22.43.12 (150408-483592595):3)
11-09 11:13:45.385 26359 10804 W PhenotypeConfigurationU: 	at gmk.run(:com.google.android.gms@224312039@22.43.12 (150408-483592595):11)
11-09 11:13:45.385 26359 10804 W PhenotypeConfigurationU: 	at ckdj.run(:com.google.android.gms@224312039@22.43.12 (150408-483592595):2)
11-09 11:13:45.385 26359 10804 W PhenotypeConfigurationU: 	at java.util.concurrent.ThreadPoolExecutor.runWorker(ThreadPoolExecutor.java:1167)
11-09 11:13:45.385 26359 10804 W PhenotypeConfigurationU: 	at java.util.concurrent.ThreadPoolExecutor$Worker.run(ThreadPoolExecutor.java:641)
11-09 11:13:45.385 26359 10804 W PhenotypeConfigurationU: 	at java.lang.Thread.run(Thread.java:923)
11-09 11:13:45.396 26359 10804 I ExperimentPackageManage: Package com.google.android.networkstack name not found! Using module version.
11-09 11:13:45.398 26359 10804 I ExperimentPackageManage: Package com.google.android.as name not found! Using module version.
11-09 11:13:45.398 26359 10804 I ExperimentPackageManage: Package com.android.refreshratecontrol name not found! Using module version.
11-09 11:13:45.400 26359 10804 I ExperimentPackageManage: Package com.google.android.as name not found! Using module version.
11-09 11:13:45.402 26359 10804 I ExperimentPackageManage: Package com.google.android.apps.nexuslauncher name not found! Using module version.
11-09 11:13:45.403 26359 10804 I ExperimentPackageManage: Package com.google.android.resolv name not found! Using module version.
11-09 11:13:45.403 26359 10804 I ExperimentPackageManage: Package com.google.android.extservices name not found! Using module version.
11-09 11:13:45.404 26359 10804 I ExperimentPackageManage: Package com.google.oslo name not found! Using module version.
11-09 11:13:45.404 26359 10804 I ExperimentPackageManage: Package com.google.android.permissioncontroller name not found! Using module version.
11-09 11:13:45.405 26359 10804 I ExperimentPackageManage: Package com.google.android.art name not found! Using module version.
11-09 11:13:45.405 26359 10804 I ExperimentPackageManage: Package com.google.android.art name not found! Using module version.
11-09 11:13:45.407 26359 10804 I ExperimentPackageManage: Package com.google.android.extservices name not found! Using module version.
11-09 11:13:45.409 26359 10804 I ExperimentPackageManage: Package com.google.android.wifi name not found! Using module version.
11-09 11:13:45.411 26359 10804 I ExperimentPackageManage: Package com.google.android.os.statsd name not found! Using module version.
